[2026-07-28 08:52:09] Disk usage: 1%
[2026-07-28 08:52:09] Memory usage: 23.2%
[2026-07-28 08:52:09] ssh: NOT running
[2026-07-28 08:52:09] cron: running
[2026-07-28 08:52:09] docker: running
[2026-07-28 08:52:16] Disk usage: 1%
[2026-07-28 08:52:29] Memory usage: 23.1%
[2026-07-28 08:52:29] ssh: NOT running
[2026-07-28 08:52:29] cron: running
[2026-07-28 08:52:29] docker: running
[2026-07-28 09:26:02] OK: Disk usage 1%
[2026-07-28 09:26:02] ssh: NOT running
[2026-07-28 09:26:02] cron: running
[2026-07-28 09:26:02] docker: running
[2026-07-28 10:09:00] OK: Disk usage 1%
[2026-07-28 10:09:00] ssh: NOT running
[2026-07-28 10:09:00] cron: running
[2026-07-28 10:09:00] docker: running
[2026-07-28 10:15:20] OK: Disk usage 1%
[2026-07-28 10:15:20] ssh: NOT running
[2026-07-28 10:15:20] cron: running
[2026-07-28 10:15:20] docker: running
